2026-01-07 14:40:56,718 p=701 u=admin n=ansible WARNING| [WARNING]: Deprecation warnings can be disabled by setting `deprecation_warnings=False` in ansible.cfg.

2026-01-07 14:40:56,719 p=701 u=admin n=ansible INFO| [DEPRECATION WARNING]: community.general.yaml has been deprecated. The plugin has been superseded by the the option `result_format=yaml` in callback plugin ansible.builtin.default from ansible-core 2.13 onwards. This feature will be removed from collection 'community.general' version 12.0.0.

2026-01-07 14:40:56,742 p=701 u=admin n=ansible INFO| PLAY [Ansible Ad-Hoc] ************************************************************************************************************************************************************************
2026-01-07 14:40:56,759 p=701 u=admin n=ansible INFO| TASK [ping] **********************************************************************************************************************************************************************************
2026-01-07 14:40:58,001 p=701 u=admin n=ansible INFO| ok: [target02]
2026-01-07 14:40:58,017 p=701 u=admin n=ansible INFO| ok: [target01]
2026-01-07 14:40:58,019 p=701 u=admin n=ansible INFO| PLAY RECAP ***********************************************************************************************************************************************************************************
2026-01-07 14:40:58,019 p=701 u=admin n=ansible INFO| target01                   : ok=1    changed=0    unreachable=0    failed=0    skipped=0    rescued=0    ignored=0   
2026-01-07 14:40:58,019 p=701 u=admin n=ansible INFO| target02                   : ok=1    changed=0    unreachable=0    failed=0    skipped=0    rescued=0    ignored=0   
2026-01-09 15:48:11,828 p=728 u=admin n=ansible WARNING| [WARNING]: Deprecation warnings can be disabled by setting `deprecation_warnings=False` in ansible.cfg.

2026-01-09 15:48:11,829 p=728 u=admin n=ansible INFO| [DEPRECATION WARNING]: community.general.yaml has been deprecated. The plugin has been superseded by the the option `result_format=yaml` in callback plugin ansible.builtin.default from ansible-core 2.13 onwards. This feature will be removed from collection 'community.general' version 12.0.0.

2026-01-09 15:48:11,850 p=728 u=admin n=ansible INFO| PLAY [Ansible Ad-Hoc] ************************************************************************************************************************************************************************
2026-01-09 15:48:11,866 p=728 u=admin n=ansible INFO| TASK [ping] **********************************************************************************************************************************************************************************
2026-01-09 15:48:12,608 p=728 u=admin n=ansible INFO| ok: [target01]
2026-01-09 15:48:12,743 p=728 u=admin n=ansible INFO| ok: [target02]
2026-01-09 15:48:12,743 p=728 u=admin n=ansible INFO| PLAY RECAP ***********************************************************************************************************************************************************************************
2026-01-09 15:48:12,743 p=728 u=admin n=ansible INFO| target01                   : ok=1    changed=0    unreachable=0    failed=0    skipped=0    rescued=0    ignored=0   
2026-01-09 15:48:12,743 p=728 u=admin n=ansible INFO| target02                   : ok=1    changed=0    unreachable=0    failed=0    skipped=0    rescued=0    ignored=0   
2026-01-09 15:48:31,744 p=742 u=admin n=ansible WARNING| [WARNING]: Skipping unexpected key (web_server) in group (all), only "vars", "children" and "hosts" are valid

2026-01-09 15:48:31,745 p=742 u=admin n=ansible WARNING| [WARNING]: Skipping unexpected key (sql_server) in group (all), only "vars", "children" and "hosts" are valid

2026-01-09 15:48:31,750 p=742 u=admin n=ansible WARNING| [WARNING]: provided hosts list is empty, only localhost is available. Note that the implicit localhost does not match 'all'

2026-01-09 15:48:31,764 p=742 u=admin n=ansible WARNING| [WARNING]: Deprecation warnings can be disabled by setting `deprecation_warnings=False` in ansible.cfg.

2026-01-09 15:48:31,764 p=742 u=admin n=ansible INFO| [DEPRECATION WARNING]: community.general.yaml has been deprecated. The plugin has been superseded by the the option `result_format=yaml` in callback plugin ansible.builtin.default from ansible-core 2.13 onwards. This feature will be removed from collection 'community.general' version 12.0.0.

2026-01-09 15:48:31,787 p=742 u=admin n=ansible INFO| PLAY [Ansible Ad-Hoc] ************************************************************************************************************************************************************************
2026-01-09 15:48:31,795 p=742 u=admin n=ansible INFO| PLAY RECAP ***********************************************************************************************************************************************************************************
2026-01-09 15:48:43,115 p=746 u=admin n=ansible WARNING| [WARNING]: Deprecation warnings can be disabled by setting `deprecation_warnings=False` in ansible.cfg.

2026-01-09 15:48:43,116 p=746 u=admin n=ansible INFO| [DEPRECATION WARNING]: community.general.yaml has been deprecated. The plugin has been superseded by the the option `result_format=yaml` in callback plugin ansible.builtin.default from ansible-core 2.13 onwards. This feature will be removed from collection 'community.general' version 12.0.0.

2026-01-09 15:48:43,140 p=746 u=admin n=ansible INFO| PLAY [Ansible Ad-Hoc] ************************************************************************************************************************************************************************
2026-01-09 15:48:43,151 p=746 u=admin n=ansible INFO| TASK [ping] **********************************************************************************************************************************************************************************
2026-01-09 15:48:43,672 p=746 u=admin n=ansible INFO| ok: [target02]
2026-01-09 15:48:43,769 p=746 u=admin n=ansible INFO| ok: [target01]
2026-01-09 15:48:43,770 p=746 u=admin n=ansible INFO| PLAY RECAP ***********************************************************************************************************************************************************************************
2026-01-09 15:48:43,770 p=746 u=admin n=ansible INFO| target01                   : ok=1    changed=0    unreachable=0    failed=0    skipped=0    rescued=0    ignored=0   
2026-01-09 15:48:43,770 p=746 u=admin n=ansible INFO| target02                   : ok=1    changed=0    unreachable=0    failed=0    skipped=0    rescued=0    ignored=0   
2026-01-09 15:59:53,004 p=755 u=admin n=ansible ERROR| [ERROR]: the playbook: all could not be found

2026-01-09 16:00:08,973 p=757 u=admin n=ansible ERROR| [ERROR]: the playbook: all could not be found

2026-01-09 16:04:27,662 p=759 u=admin n=ansible ERROR| [ERROR]: the playbook: all could not be found

2026-01-09 16:05:08,149 p=761 u=admin n=ansible ERROR| [ERROR]: the playbook: all could not be found

2026-01-09 16:06:48,707 p=763 u=admin n=ansible ERROR| [ERROR]: the playbook: all could not be found

2026-01-09 16:07:01,982 p=765 u=admin n=ansible ERROR| [ERROR]: the playbook: all could not be found

2026-01-09 16:08:30,402 p=768 u=admin n=ansible ERROR| [ERROR]: YAML parsing failed: Expected a single document in the stream but found another document.
Origin: /home/admin/ansible-playgound/tasks/update_os.yml:6:1

4     upgrade: safe 
5   when: ansible_facts.os_family == "Debian"
6 ---
  ^ column 1


2026-01-09 16:09:03,993 p=771 u=admin n=ansible ERROR| [ERROR]: 'apt' is not a valid attribute for a Play
Origin: /home/admin/ansible-playgound/tasks/update_os.yml:2:3

1 - name: Update pacakges on Debian Family
2   apt: 
    ^ column 3


2026-01-09 16:11:10,481 p=774 u=admin n=ansible ERROR| [ERROR]: the playbook: prerequisites/playbooks/lab0 could not be found

2026-01-09 16:11:13,159 p=776 u=admin n=ansible WARNING| [WARNING]: Deprecation warnings can be disabled by setting `deprecation_warnings=False` in ansible.cfg.

2026-01-09 16:11:13,159 p=776 u=admin n=ansible INFO| [DEPRECATION WARNING]: community.general.yaml has been deprecated. The plugin has been superseded by the the option `result_format=yaml` in callback plugin ansible.builtin.default from ansible-core 2.13 onwards. This feature will be removed from collection 'community.general' version 12.0.0.

2026-01-09 16:11:13,186 p=776 u=admin n=ansible INFO| PLAY [Update packages depending on OS family] ************************************************************************************************************************************************
2026-01-09 16:11:13,205 p=776 u=admin n=ansible INFO| TASK [Gathering Facts] ***********************************************************************************************************************************************************************
2026-01-09 16:11:14,618 p=776 u=admin n=ansible INFO| ok: [target02]
2026-01-09 16:11:14,624 p=776 u=admin n=ansible INFO| ok: [target01]
2026-01-09 16:11:14,632 p=776 u=admin n=ansible INFO| TASK [Update os] *****************************************************************************************************************************************************************************
2026-01-09 16:11:14,656 p=776 u=admin n=ansible ERROR| [ERROR]: Could not find or access '/home/admin/ansible-playgound/prerequisites/playbooks/tasks/update_os.yml' on the Ansible Controller: Unable to retrieve file contents.
Could not find or access '/home/admin/ansible-playgound/prerequisites/playbooks/tasks/update_os.yml' on the Ansible Controller.
If you are using a module and expect the file to exist on the remote, see the remote_src option: [Errno 2] No such file or directory: '/home/admin/ansible-playgound/prerequisites/playbooks/tasks/update_os.yml'


2026-01-09 16:11:14,661 p=776 u=admin n=ansible INFO| fatal: [target01]: FAILED! => changed=false 
  include: tasks/update_os.yml
  reason: |-
    Could not find or access '/home/admin/ansible-playgound/prerequisites/playbooks/tasks/update_os.yml' on the Ansible Controller: Unable to retrieve file contents.
    Could not find or access '/home/admin/ansible-playgound/prerequisites/playbooks/tasks/update_os.yml' on the Ansible Controller.
    If you are using a module and expect the file to exist on the remote, see the remote_src option: [Errno 2] No such file or directory: '/home/admin/ansible-playgound/prerequisites/playbooks/tasks/update_os.yml'
2026-01-09 16:11:14,662 p=776 u=admin n=ansible INFO| fatal: [target02]: FAILED! => changed=false 
  include: tasks/update_os.yml
  reason: |-
    Could not find or access '/home/admin/ansible-playgound/prerequisites/playbooks/tasks/update_os.yml' on the Ansible Controller: Unable to retrieve file contents.
    Could not find or access '/home/admin/ansible-playgound/prerequisites/playbooks/tasks/update_os.yml' on the Ansible Controller.
    If you are using a module and expect the file to exist on the remote, see the remote_src option: [Errno 2] No such file or directory: '/home/admin/ansible-playgound/prerequisites/playbooks/tasks/update_os.yml'
2026-01-09 16:11:14,663 p=776 u=admin n=ansible INFO| PLAY RECAP ***********************************************************************************************************************************************************************************
2026-01-09 16:11:14,664 p=776 u=admin n=ansible INFO| target01                   : ok=1    changed=0    unreachable=0    failed=1    skipped=0    rescued=0    ignored=0   
2026-01-09 16:11:14,664 p=776 u=admin n=ansible INFO| target02                   : ok=1    changed=0    unreachable=0    failed=1    skipped=0    rescued=0    ignored=0   
2026-01-09 16:13:00,687 p=792 u=admin n=ansible WARNING| [WARNING]: Deprecation warnings can be disabled by setting `deprecation_warnings=False` in ansible.cfg.

2026-01-09 16:13:00,688 p=792 u=admin n=ansible INFO| [DEPRECATION WARNING]: community.general.yaml has been deprecated. The plugin has been superseded by the the option `result_format=yaml` in callback plugin ansible.builtin.default from ansible-core 2.13 onwards. This feature will be removed from collection 'community.general' version 12.0.0.

2026-01-09 16:13:00,714 p=792 u=admin n=ansible INFO| PLAY [Update packages depending on OS family] ************************************************************************************************************************************************
2026-01-09 16:13:00,738 p=792 u=admin n=ansible INFO| TASK [Gathering Facts] ***********************************************************************************************************************************************************************
2026-01-09 16:13:01,711 p=792 u=admin n=ansible INFO| ok: [target02]
2026-01-09 16:13:01,722 p=792 u=admin n=ansible INFO| ok: [target01]
2026-01-09 16:13:01,729 p=792 u=admin n=ansible INFO| TASK [Update os] *****************************************************************************************************************************************************************************
2026-01-09 16:13:01,768 p=792 u=admin n=ansible INFO| included: /home/admin/ansible-playgound/tasks/update_os.yml for target01, target02
2026-01-09 16:13:01,775 p=792 u=admin n=ansible INFO| TASK [Update pacakges on Debian Family] ******************************************************************************************************************************************************
2026-01-09 16:13:01,801 p=792 u=admin n=ansible INFO| skipping: [target02]
2026-01-09 16:13:09,576 p=792 u=admin n=ansible INFO| ok: [target01]
2026-01-09 16:13:09,583 p=792 u=admin n=ansible INFO| TASK [Check if microdnf command exists] ******************************************************************************************************************************************************
2026-01-09 16:13:09,610 p=792 u=admin n=ansible INFO| skipping: [target01]
2026-01-09 16:13:09,864 p=792 u=admin n=ansible INFO| ok: [target02]
2026-01-09 16:13:09,867 p=792 u=admin n=ansible INFO| TASK [Update using microdnf] *****************************************************************************************************************************************************************
2026-01-09 16:13:09,881 p=792 u=admin n=ansible ERROR| [ERROR]: Task failed: Error while evaluating conditional: 'ansible' is undefined

Task failed.
Origin: /home/admin/ansible-playgound/tasks/update_os.yml:14:3

12   when: ansible_facts.os_family == "RedHat"
13
14 - name: Update using microdnf 
     ^ column 3

<<< caused by >>>

Error while evaluating conditional: 'ansible' is undefined
Origin: /home/admin/ansible-playgound/tasks/update_os.yml:19:7

17   changed_when: "Nothing to do. Not in microdnf_out.stdout"
18   when:
19     - ansible.facts.os_family == "RedHat"
         ^ column 7


2026-01-09 16:13:09,883 p=792 u=admin n=ansible INFO| fatal: [target01]: FAILED! => changed=false 
  msg: 'Task failed: Error while evaluating conditional: ''ansible'' is undefined'
2026-01-09 16:13:09,884 p=792 u=admin n=ansible INFO| fatal: [target02]: FAILED! => changed=false 
  msg: 'Task failed: Error while evaluating conditional: ''ansible'' is undefined'
2026-01-09 16:13:09,885 p=792 u=admin n=ansible INFO| PLAY RECAP ***********************************************************************************************************************************************************************************
2026-01-09 16:13:09,885 p=792 u=admin n=ansible INFO| target01                   : ok=3    changed=0    unreachable=0    failed=1    skipped=1    rescued=0    ignored=0   
2026-01-09 16:13:09,885 p=792 u=admin n=ansible INFO| target02                   : ok=3    changed=0    unreachable=0    failed=1    skipped=1    rescued=0    ignored=0   
2026-01-09 16:15:40,129 p=816 u=admin n=ansible WARNING| [WARNING]: Deprecation warnings can be disabled by setting `deprecation_warnings=False` in ansible.cfg.

2026-01-09 16:15:40,130 p=816 u=admin n=ansible INFO| [DEPRECATION WARNING]: community.general.yaml has been deprecated. The plugin has been superseded by the the option `result_format=yaml` in callback plugin ansible.builtin.default from ansible-core 2.13 onwards. This feature will be removed from collection 'community.general' version 12.0.0.

2026-01-09 16:15:40,146 p=816 u=admin n=ansible INFO| PLAY [Update packages depending on OS family] ************************************************************************************************************************************************
2026-01-09 16:15:40,163 p=816 u=admin n=ansible INFO| TASK [Gathering Facts] ***********************************************************************************************************************************************************************
2026-01-09 16:15:40,992 p=816 u=admin n=ansible INFO| ok: [target02]
2026-01-09 16:15:41,009 p=816 u=admin n=ansible INFO| ok: [target01]
2026-01-09 16:15:41,013 p=816 u=admin n=ansible INFO| TASK [Update os] *****************************************************************************************************************************************************************************
2026-01-09 16:15:41,043 p=816 u=admin n=ansible INFO| included: /home/admin/ansible-playgound/tasks/update_os.yml for target01, target02
2026-01-09 16:15:41,049 p=816 u=admin n=ansible INFO| TASK [Update pacakges on Debian Family] ******************************************************************************************************************************************************
2026-01-09 16:15:41,069 p=816 u=admin n=ansible INFO| skipping: [target02]
2026-01-09 16:15:43,471 p=816 u=admin n=ansible INFO| ok: [target01]
2026-01-09 16:15:43,474 p=816 u=admin n=ansible INFO| TASK [Check if microdnf command exists] ******************************************************************************************************************************************************
2026-01-09 16:15:43,486 p=816 u=admin n=ansible INFO| skipping: [target01]
2026-01-09 16:15:43,695 p=816 u=admin n=ansible INFO| ok: [target02]
2026-01-09 16:15:43,698 p=816 u=admin n=ansible INFO| TASK [Update using microdnf] *****************************************************************************************************************************************************************
2026-01-09 16:15:43,708 p=816 u=admin n=ansible INFO| skipping: [target01]
2026-01-09 16:16:03,732 p=816 u=admin n=ansible ERROR| [ERROR]: Task failed: Action failed.
Origin: /home/admin/ansible-playgound/tasks/update_os.yml:14:3

12   when: ansible_facts.os_family == "RedHat"
13
14 - name: Update using microdnf 
     ^ column 3


2026-01-09 16:16:03,737 p=816 u=admin n=ansible INFO| fatal: [target02]: FAILED! => changed=true 
  changed_when_result: 'Syntax error in expression: chunk after expression'
  cmd:
  - microdnf
  - update
  - -y
  delta: '0:00:19.847707'
  end: '2026-01-09 16:16:03.688769'
  msg: ''
  rc: 0
  start: '2026-01-09 16:15:43.841062'
  stderr: ''
  stderr_lines: <omitted>
  stdout: |-
    Downloading metadata...
    Downloading metadata...
    Downloading metadata...
    Downloading metadata...
    Downloading metadata...
    Package                                                          Repository     Size
    Installing:
     libtool-ltdl-2.4.6-46.el9.aarch64                               baseos      34.9 kB
    Upgrading:
     alternatives-1.24-2.el9.aarch64                                 baseos      38.0 kB
      replacing alternatives-1.24-1.el9.aarch64
     audit-libs-3.1.5-7.el9.aarch64                                  baseos     122.9 kB
      replacing audit-libs-3.0.7-104.el9.aarch64
     basesystem-11-13.el9.0.1.noarch                                 baseos       6.6 kB
      replacing basesystem-11-13.el9.noarch
     bash-5.1.8-9.el9.aarch64                                        baseos       1.7 MB
      replacing bash-5.1.8-6.el9_1.aarch64
     bzip2-libs-1.0.8-10.el9_5.aarch64                               baseos      41.3 kB
      replacing bzip2-libs-1.0.8-8.el9.aarch64
     ca-certificates-2025.2.80_v9.0.305-91.el9.noarch                baseos     970.5 kB
      replacing ca-certificates-2023.2.60_v7.0.306-90.1.el9_2.noarch
     coreutils-single-8.32-39.el9.aarch64                            baseos     616.6 kB
      replacing coreutils-single-8.32-34.el9.aarch64
     crypto-policies-20250905-1.git377cc42.el9.noarch                baseos      58.7 kB
      replacing crypto-policies-20230731-1.git94f0e2c.el9_3.1.noarch
     curl-7.76.1-34.el9.aarch64                                      baseos     295.8 kB
      replacing curl-7.76.1-26.el9_3.2.0.1.aarch64
     dnf-data-4.14.0-31.el9.rocky.0.1.noarch                         baseos      36.4 kB
      replacing dnf-data-4.14.0-8.el9.noarch
     file-libs-5.39-16.el9.aarch64                                   baseos     600.3 kB
      replacing file-libs-5.39-14.el9.aarch64
     filesystem-3.16-5.el9.aarch64                                   baseos       1.1 MB
      replacing filesystem-3.16-2.el9.aarch64
     gdbm-libs-1:1.23-1.el9.aarch64                                  baseos      56.7 kB
      replacing gdbm-libs-1:1.19-4.el9.aarch64
     glib2-2.68.4-18.el9_7.aarch64                                   baseos       2.7 MB
      replacing glib2-2.68.4-11.el9.aarch64
     gnutls-3.8.3-9.el9.0.1.aarch64                                  baseos       1.0 MB
      replacing gnutls-3.7.6-23.el9.aarch64
     krb5-libs-1.21.1-8.el9_6.aarch64                                baseos     775.7 kB
      replacing krb5-libs-1.21.1-1.el9.aarch64
     libarchive-3.5.3-6.el9_6.aarch64                                baseos     393.9 kB
      replacing libarchive-3.5.3-4.el9.aarch64
     libblkid-2.37.4-21.el9.aarch64                                  baseos     108.4 kB
      replacing libblkid-2.37.4-15.el9.aarch64
     libbrotli-1.0.9-7.el9_5.aarch64                                 baseos     318.5 kB
      replacing libbrotli-1.0.9-6.el9.aarch64
     libcap-2.48-10.el9.aarch64                                      baseos      67.0 kB
      replacing libcap-2.48-9.el9_2.aarch64
     libcom_err-1.46.5-8.el9.aarch64                                 baseos      25.5 kB
      replacing libcom_err-1.46.5-3.el9.aarch64
     libcurl-7.76.1-34.el9.aarch64                                   baseos     284.8 kB
      replacing libcurl-7.76.1-26.el9_3.2.0.1.aarch64
     libdb-5.3.28-57.el9_6.aarch64                                   baseos     724.1 kB
      replacing libdb-5.3.28-53.el9.aarch64
     libdnf-0.69.0-16.el9.aarch64                                    baseos     617.5 kB
      replacing libdnf-0.69.0-6.el9_3.aarch64
     libeconf-0.4.1-4.el9.aarch64                                    baseos      26.0 kB
      replacing libeconf-0.4.1-3.el9_2.aarch64
     libevent-2.1.12-8.el9_4.aarch64                                 baseos     259.0 kB
      replacing libevent-2.1.12-6.el9.aarch64
     libfdisk-2.37.4-21.el9.aarch64                                  baseos     151.1 kB
      replacing libfdisk-2.37.4-15.el9.aarch64
     libgcrypt-1.10.0-11.el9.aarch64                                 baseos     465.1 kB
      replacing libgcrypt-1.10.0-10.el9_2.aarch64
     libksba-1.5.1-7.el9.aarch64                                     baseos     153.8 kB
      replacing libksba-1.5.1-6.el9_1.aarch64
     libmount-2.37.4-21.el9.aarch64                                  baseos     134.6 kB
      replacing libmount-2.37.4-15.el9.aarch64
     libnghttp2-1.43.0-6.el9.aarch64                                 baseos      73.2 kB
      replacing libnghttp2-1.43.0-5.el9_3.1.aarch64
     librepo-1.14.5-3.el9.aarch64                                    baseos      85.8 kB
      replacing librepo-1.14.5-1.el9.aarch64
     libselinux-3.6-3.el9.aarch64                                    baseos      86.6 kB
      replacing libselinux-3.5-1.el9.aarch64
     libsemanage-3.6-5.el9_6.aarch64                                 baseos     117.0 kB
      replacing libsemanage-3.5-2.el9.aarch64
     libsepol-3.6-3.el9.aarch64                                      baseos     324.7 kB
      replacing libsepol-3.5-1.el9.aarch64
     libsmartcols-2.37.4-21.el9.aarch64                              baseos      62.3 kB
      replacing libsmartcols-2.37.4-15.el9.aarch64
     libsolv-0.7.24-3.el9.aarch64                                    baseos     396.4 kB
      replacing libsolv-0.7.24-2.el9.aarch64
     libssh-0.10.4-17.el9_7.aarch64                                  baseos     215.1 kB
      replacing libssh-0.10.4-11.el9.aarch64
     libssh-config-0.10.4-17.el9_7.noarch                            baseos       8.4 kB
      replacing libssh-config-0.10.4-11.el9.noarch
     libtasn1-4.16.0-9.el9.aarch64                                   baseos      73.9 kB
      replacing libtasn1-4.16.0-8.el9_1.aarch64
     libuuid-2.37.4-21.el9.aarch64                                   baseos      27.2 kB
      replacing libuuid-2.37.4-15.el9.aarch64
     libxml2-2.9.13-14.el9_7.aarch64                                 baseos     746.5 kB
      replacing libxml2-2.9.13-4.el9.aarch64
     libzstd-1.5.5-1.el9.aarch64                                     baseos     280.0 kB
      replacing libzstd-1.5.1-2.el9.aarch64
     nettle-3.10.1-1.el9.aarch64                                     baseos     542.6 kB
      replacing nettle-3.8-3.el9_0.aarch64
     openldap-2.6.8-4.el9.0.1.aarch64                                baseos     257.0 kB
      replacing openldap-2.6.3-1.el9.aarch64
     p11-kit-0.25.3-3.el9_5.aarch64                                  baseos     500.0 kB
      replacing p11-kit-0.24.1-2.el9.aarch64
     p11-kit-trust-0.25.3-3.el9_5.aarch64                            baseos     141.7 kB
      replacing p11-kit-trust-0.24.1-2.el9.aarch64
     pcre-8.44-4.el9.aarch64                                         baseos     182.8 kB
      replacing pcre-8.44-3.el9.3.aarch64
     pcre2-10.40-6.el9.aarch64                                       baseos     221.8 kB
      replacing pcre2-10.40-2.el9.aarch64
     pcre2-syntax-10.40-6.el9.noarch                                 baseos     143.3 kB
      replacing pcre2-syntax-10.40-2.el9.noarch
     rocky-gpg-keys-9.7-1.4.el9.noarch                               baseos      11.9 kB
      replacing rocky-gpg-keys-9.3-1.1.el9.noarch
     rocky-release-9.7-1.4.el9.noarch                                baseos      22.6 kB
      replacing rocky-release-9.3-1.1.el9.noarch
     rocky-repos-9.7-1.4.el9.noarch                                  baseos      11.8 kB
      replacing rocky-repos-9.3-1.1.el9.noarch
     rpm-4.16.1.3-39.el9.aarch64                                     baseos     491.5 kB
      replacing rpm-4.16.1.3-25.el9.aarch64
     rpm-libs-4.16.1.3-39.el9.aarch64                                baseos     307.8 kB
      replacing rpm-libs-4.16.1.3-25.el9.aarch64
     setup-2.13.7-10.el9.noarch                                      baseos     143.5 kB
      replacing setup-2.13.7-9.el9.noarch
     shadow-utils-2:4.9-15.el9.aarch64                               baseos       1.2 MB
      replacing shadow-utils-2:4.9-8.el9.aarch64
     sqlite-libs-3.34.1-9.el9_7.aarch64                              baseos     651.0 kB
      replacing sqlite-libs-3.34.1-6.el9_1.aarch64
     tar-2:1.34-9.el9_7.aarch64                                      baseos     890.5 kB
      replacing tar-2:1.34-7.el9.aarch64
     tzdata-2025c-1.el9.noarch                                       baseos     507.5 kB
      replacing tzdata-2023c-1.el9.noarch
     util-linux-2.37.4-21.el9.aarch64                                baseos       2.3 MB
      replacing util-linux-2.37.4-15.el9.aarch64
     util-linux-core-2.37.4-21.el9.aarch64                           baseos     440.3 kB
       replacing util-linux-core-2.37.4-15.el9.aarch64
    Transaction Summary:
     Installing:        1 packages
     Reinstalling:      0 packages
     Upgrading:        62 packages
     Obsoleting:        0 packages
     Removing:          0 packages
     Downgrading:       0 packages
    Downloading packages...
    Running transaction test...
    Updating: libuuid;2.37.4-21.el9;aarch64;baseos
    Updating: bzip2-libs;1.0.8-10.el9_5;aarch64;baseos
    Updating: audit-libs;3.1.5-7.el9;aarch64;baseos
    Updating: libzstd;1.5.5-1.el9;aarch64;baseos
    Updating: libxml2;2.9.13-14.el9_7;aarch64;baseos
    Updating: libtasn1;4.16.0-9.el9;aarch64;baseos
    Updating: libsmartcols;2.37.4-21.el9;aarch64;baseos
    Updating: p11-kit;0.25.3-3.el9_5;aarch64;baseos
    Updating: sqlite-libs;3.34.1-9.el9_7;aarch64;baseos
    Updating: libsepol;3.6-3.el9;aarch64;baseos
    Updating: libcom_err;1.46.5-8.el9;aarch64;baseos
    Updating: libcap;2.48-10.el9;aarch64;baseos
    Updating: libarchive;3.5.3-6.el9_6;aarch64;baseos
    Updating: rocky-gpg-keys;9.7-1.4.el9;noarch;baseos
    Updating: rocky-release;9.7-1.4.el9;noarch;baseos
    Updating: rocky-repos;9.7-1.4.el9;noarch;baseos
    Updating: setup;2.13.7-10.el9;noarch;baseos
    Updating: filesystem;3.16-5.el9;aarch64;baseos
    Updating: bash;5.1.8-9.el9;aarch64;baseos
    Updating: crypto-policies;20250905-1.git377cc42.el9;noarch;baseos
    Updating: pcre2-syntax;10.40-6.el9;noarch;baseos
    Updating: pcre2;10.40-6.el9;aarch64;baseos
    Updating: libselinux;3.6-3.el9;aarch64;baseos
    Updating: coreutils-single;8.32-39.el9;aarch64;baseos
    Updating: libblkid;2.37.4-21.el9;aarch64;baseos
    Updating: libmount;2.37.4-21.el9;aarch64;baseos
    Updating: krb5-libs;1.21.1-8.el9_6;aarch64;baseos
    Updating: util-linux-core;2.37.4-21.el9;aarch64;baseos
    Updating: libfdisk;2.37.4-21.el9;aarch64;baseos
    Updating: libsemanage;3.6-5.el9_6;aarch64;baseos
    Updating: shadow-utils;2:4.9-15.el9;aarch64;baseos
    Updating: pcre;8.44-4.el9;aarch64;baseos
    Updating: nettle;3.10.1-1.el9;aarch64;baseos
    Updating: libssh-config;0.10.4-17.el9_7;noarch;baseos
    Updating: libssh;0.10.4-17.el9_7;aarch64;baseos
    Updating: libnghttp2;1.43.0-6.el9;aarch64;baseos
    Updating: libevent;2.1.12-8.el9_4;aarch64;baseos
    Updating: libbrotli;1.0.9-7.el9_5;aarch64;baseos
    Updating: alternatives;1.24-2.el9;aarch64;baseos
    Updating: p11-kit-trust;0.25.3-3.el9_5;aarch64;baseos
    Updating: gnutls;3.8.3-9.el9.0.1;aarch64;baseos
    Updating: glib2;2.68.4-18.el9_7;aarch64;baseos
    Installing: libtool-ltdl;2.4.6-46.el9;aarch64;baseos
    Updating: openldap;2.6.8-4.el9.0.1;aarch64;baseos
    Updating: libcurl;7.76.1-34.el9;aarch64;baseos
    Updating: curl;7.76.1-34.el9;aarch64;baseos
    Updating: rpm-libs;4.16.1.3-39.el9;aarch64;baseos
    Updating: rpm;4.16.1.3-39.el9;aarch64;baseos
    Updating: libsolv;0.7.24-3.el9;aarch64;baseos
    Updating: librepo;1.14.5-3.el9;aarch64;baseos
    Updating: libdnf;0.69.0-16.el9;aarch64;baseos
    Updating: ca-certificates;2025.2.80_v9.0.305-91.el9;noarch;baseos
    Updating: util-linux;2.37.4-21.el9;aarch64;baseos
    Updating: tar;2:1.34-9.el9_7;aarch64;baseos
    Updating: basesystem;11-13.el9.0.1;noarch;baseos
    Updating: tzdata;2025c-1.el9;noarch;baseos
    Updating: libksba;1.5.1-7.el9;aarch64;baseos
    Updating: libgcrypt;1.10.0-11.el9;aarch64;baseos
    Updating: libeconf;0.4.1-4.el9;aarch64;baseos
    Updating: libdb;5.3.28-57.el9_6;aarch64;baseos
    Updating: gdbm-libs;1:1.23-1.el9;aarch64;baseos
    Updating: file-libs;5.39-16.el9;aarch64;baseos
    Updating: dnf-data;4.14.0-31.el9.rocky.0.1;noarch;baseos
    Cleanup: ca-certificates;2023.2.60_v7.0.306-90.1.el9_2;noarch;installed
    Cleanup: basesystem;11-13.el9;noarch;installed
    Cleanup: tzdata;2023c-1.el9;noarch;installed
    Cleanup: dnf-data;4.14.0-8.el9;noarch;installed
    Cleanup: util-linux;2.37.4-15.el9;aarch64;installed
    Cleanup: util-linux-core;2.37.4-15.el9;aarch64;installed
    Cleanup: libdnf;0.69.0-6.el9_3;aarch64;installed
    Cleanup: libfdisk;2.37.4-15.el9;aarch64;installed
    Cleanup: shadow-utils;2:4.9-8.el9;aarch64;installed
    Cleanup: libsemanage;3.5-2.el9;aarch64;installed
    Cleanup: libsolv;0.7.24-2.el9;aarch64;installed
    Cleanup: rpm;4.16.1.3-25.el9;aarch64;installed
    Cleanup: libarchive;3.5.3-4.el9;aarch64;installed
    Cleanup: librepo;1.14.5-1.el9;aarch64;installed
    Cleanup: glib2;2.68.4-11.el9;aarch64;installed
    Cleanup: gnutls;3.7.6-23.el9;aarch64;installed
    Cleanup: p11-kit-trust;0.24.1-2.el9;aarch64;installed
    Cleanup: libmount;2.37.4-15.el9;aarch64;installed
    Cleanup: rpm-libs;4.16.1.3-25.el9;aarch64;installed
    Cleanup: libblkid;2.37.4-15.el9;aarch64;installed
    Cleanup: curl;7.76.1-26.el9_3.2.0.1;aarch64;installed
    Cleanup: libcurl;7.76.1-26.el9_3.2.0.1;aarch64;installed
    Cleanup: libssh;0.10.4-11.el9;aarch64;installed
    Cleanup: krb5-libs;1.21.1-1.el9;aarch64;installed
    Cleanup: coreutils-single;8.32-34.el9;aarch64;installed
    Cleanup: tar;2:1.34-7.el9;aarch64;installed
    Cleanup: libselinux;3.5-1.el9;aarch64;installed
    Cleanup: pcre2;10.40-2.el9;aarch64;installed
    Cleanup: bash;5.1.8-6.el9_1;aarch64;installed
    Cleanup: filesystem;3.16-2.el9;aarch64;installed
    Cleanup: setup;2.13.7-9.el9;noarch;installed
    Cleanup: rocky-release;9.3-1.1.el9;noarch;installed
    Cleanup: rocky-repos;9.3-1.1.el9;noarch;installed
    Cleanup: openldap;2.6.3-1.el9;aarch64;installed
    Cleanup: rocky-gpg-keys;9.3-1.1.el9;noarch;installed
    Cleanup: pcre2-syntax;10.40-2.el9;noarch;installed
    Cleanup: crypto-policies;20230731-1.git94f0e2c.el9_3.1;noarch;installed
    Cleanup: libssh-config;0.10.4-11.el9;noarch;installed
    Cleanup: libevent;2.1.12-6.el9;aarch64;installed
    Cleanup: libsepol;3.5-1.el9;aarch64;installed
    Cleanup: libcap;2.48-9.el9_2;aarch64;installed
    Cleanup: libcom_err;1.46.5-3.el9;aarch64;installed
    Cleanup: libbrotli;1.0.9-6.el9;aarch64;installed
    Cleanup: libnghttp2;1.43.0-5.el9_3.1;aarch64;installed
    Cleanup: libuuid;2.37.4-15.el9;aarch64;installed
    Cleanup: audit-libs;3.0.7-104.el9;aarch64;installed
    Cleanup: bzip2-libs;1.0.8-8.el9;aarch64;installed
    Cleanup: sqlite-libs;3.34.1-6.el9_1;aarch64;installed
    Cleanup: libzstd;1.5.1-2.el9;aarch64;installed
    Cleanup: alternatives;1.24-1.el9;aarch64;installed
    Cleanup: p11-kit;0.24.1-2.el9;aarch64;installed
    Cleanup: libtasn1;4.16.0-8.el9_1;aarch64;installed
    Cleanup: nettle;3.8-3.el9_0;aarch64;installed
    Cleanup: pcre;8.44-3.el9.3;aarch64;installed
    Cleanup: libxml2;2.9.13-4.el9;aarch64;installed
    Cleanup: libsmartcols;2.37.4-15.el9;aarch64;installed
    Cleanup: libksba;1.5.1-6.el9_1;aarch64;installed
    Cleanup: libgcrypt;1.10.0-10.el9_2;aarch64;installed
    Cleanup: libeconf;0.4.1-3.el9_2;aarch64;installed
    Cleanup: libdb;5.3.28-53.el9;aarch64;installed
    Cleanup: gdbm-libs;1:1.19-4.el9;aarch64;installed
    Cleanup: file-libs;5.39-14.el9;aarch64;installed
    Complete.
  stdout_lines: <omitted>
2026-01-09 16:16:03,739 p=816 u=admin n=ansible INFO| PLAY RECAP ***********************************************************************************************************************************************************************************
2026-01-09 16:16:03,739 p=816 u=admin n=ansible INFO| target01                   : ok=3    changed=0    unreachable=0    failed=0    skipped=2    rescued=0    ignored=0   
2026-01-09 16:16:03,739 p=816 u=admin n=ansible INFO| target02                   : ok=3    changed=0    unreachable=0    failed=1    skipped=1    rescued=0    ignored=0   
2026-01-09 16:18:51,768 p=841 u=admin n=ansible WARNING| [WARNING]: Deprecation warnings can be disabled by setting `deprecation_warnings=False` in ansible.cfg.

2026-01-09 16:18:51,769 p=841 u=admin n=ansible INFO| [DEPRECATION WARNING]: community.general.yaml has been deprecated. The plugin has been superseded by the the option `result_format=yaml` in callback plugin ansible.builtin.default from ansible-core 2.13 onwards. This feature will be removed from collection 'community.general' version 12.0.0.

2026-01-09 16:18:51,815 p=841 u=admin n=ansible INFO| PLAY [Update packages depending on OS family] ************************************************************************************************************************************************
2026-01-09 16:18:51,847 p=841 u=admin n=ansible INFO| TASK [Gathering Facts] ***********************************************************************************************************************************************************************
2026-01-09 16:18:53,065 p=841 u=admin n=ansible INFO| ok: [target02]
2026-01-09 16:18:53,206 p=841 u=admin n=ansible INFO| ok: [target01]
2026-01-09 16:18:53,209 p=841 u=admin n=ansible INFO| TASK [Update os] *****************************************************************************************************************************************************************************
2026-01-09 16:18:53,231 p=841 u=admin n=ansible INFO| included: /home/admin/ansible-playgound/tasks/update_os.yml for target01, target02
2026-01-09 16:18:53,237 p=841 u=admin n=ansible INFO| TASK [Update pacakges on Debian Family] ******************************************************************************************************************************************************
2026-01-09 16:18:53,271 p=841 u=admin n=ansible INFO| skipping: [target02]
2026-01-09 16:18:56,425 p=841 u=admin n=ansible INFO| ok: [target01]
2026-01-09 16:18:56,431 p=841 u=admin n=ansible INFO| TASK [Check if microdnf command exists] ******************************************************************************************************************************************************
2026-01-09 16:18:56,465 p=841 u=admin n=ansible INFO| skipping: [target01]
2026-01-09 16:18:56,735 p=841 u=admin n=ansible INFO| ok: [target02]
2026-01-09 16:18:56,740 p=841 u=admin n=ansible INFO| TASK [Update using microdnf] *****************************************************************************************************************************************************************
2026-01-09 16:18:56,763 p=841 u=admin n=ansible INFO| skipping: [target01]
2026-01-09 16:18:57,543 p=841 u=admin n=ansible ERROR| [ERROR]: Task failed: Action failed.
Origin: /home/admin/ansible-playgound/tasks/update_os.yml:14:3

12   when: ansible_facts.os_family == "RedHat"
13
14 - name: Update using microdnf 
     ^ column 3


2026-01-09 16:18:57,546 p=841 u=admin n=ansible INFO| fatal: [target02]: FAILED! => changed=true 
  changed_when_result: 'Syntax error in expression: chunk after expression'
  cmd:
  - microdnf
  - update
  - -y
  delta: '0:00:00.610505'
  end: '2026-01-09 16:18:57.521934'
  msg: ''
  rc: 0
  start: '2026-01-09 16:18:56.911429'
  stderr: ''
  stderr_lines: <omitted>
  stdout: Nothing to do.
  stdout_lines: <omitted>
2026-01-09 16:18:57,547 p=841 u=admin n=ansible INFO| PLAY RECAP ***********************************************************************************************************************************************************************************
2026-01-09 16:18:57,547 p=841 u=admin n=ansible INFO| target01                   : ok=3    changed=0    unreachable=0    failed=0    skipped=2    rescued=0    ignored=0   
2026-01-09 16:18:57,547 p=841 u=admin n=ansible INFO| target02                   : ok=3    changed=0    unreachable=0    failed=1    skipped=1    rescued=0    ignored=0   
2026-01-09 16:20:10,733 p=866 u=admin n=ansible WARNING| [WARNING]: Deprecation warnings can be disabled by setting `deprecation_warnings=False` in ansible.cfg.

2026-01-09 16:20:10,736 p=866 u=admin n=ansible INFO| [DEPRECATION WARNING]: community.general.yaml has been deprecated. The plugin has been superseded by the the option `result_format=yaml` in callback plugin ansible.builtin.default from ansible-core 2.13 onwards. This feature will be removed from collection 'community.general' version 12.0.0.

2026-01-09 16:20:10,842 p=866 u=admin n=ansible INFO| PLAY [Update packages depending on OS family] ************************************************************************************************************************************************
2026-01-09 16:20:10,879 p=866 u=admin n=ansible INFO| TASK [Gathering Facts] ***********************************************************************************************************************************************************************
2026-01-09 16:20:11,810 p=866 u=admin n=ansible INFO| ok: [target02]
2026-01-09 16:20:11,845 p=866 u=admin n=ansible INFO| ok: [target01]
2026-01-09 16:20:11,851 p=866 u=admin n=ansible INFO| TASK [Update os] *****************************************************************************************************************************************************************************
2026-01-09 16:20:11,888 p=866 u=admin n=ansible INFO| included: /home/admin/ansible-playgound/tasks/update_os.yml for target01, target02
2026-01-09 16:20:11,895 p=866 u=admin n=ansible INFO| TASK [Update pacakges on Debian Family] ******************************************************************************************************************************************************
2026-01-09 16:20:11,919 p=866 u=admin n=ansible INFO| skipping: [target02]
2026-01-09 16:20:14,779 p=866 u=admin n=ansible INFO| ok: [target01]
2026-01-09 16:20:14,784 p=866 u=admin n=ansible INFO| TASK [Check if microdnf command exists] ******************************************************************************************************************************************************
2026-01-09 16:20:14,805 p=866 u=admin n=ansible INFO| skipping: [target01]
2026-01-09 16:20:15,042 p=866 u=admin n=ansible INFO| ok: [target02]
2026-01-09 16:20:15,044 p=866 u=admin n=ansible INFO| TASK [Update using microdnf] *****************************************************************************************************************************************************************
2026-01-09 16:20:15,061 p=866 u=admin n=ansible INFO| skipping: [target01]
2026-01-09 16:20:15,412 p=866 u=admin n=ansible INFO| ok: [target02]
2026-01-09 16:20:15,413 p=866 u=admin n=ansible INFO| PLAY RECAP ***********************************************************************************************************************************************************************************
2026-01-09 16:20:15,413 p=866 u=admin n=ansible INFO| target01                   : ok=3    changed=0    unreachable=0    failed=0    skipped=2    rescued=0    ignored=0   
2026-01-09 16:20:15,413 p=866 u=admin n=ansible INFO| target02                   : ok=4    changed=0    unreachable=0    failed=0    skipped=1    rescued=0    ignored=0   
